[privacy-melmaia.sbs/index07b6.html]
[privacy-melmaia.sbs/js/pixel.js]
[privacy-melmaia.sbs/js/latest_1.js]
[privacy-melmaia.sbs/connect.facebook.net/en_US/fbevents.html]
[backblue.gif]
[fade.gif]
[index.html]
[privacy-melmaia.sbs/js/latest.js]
[privacy-melmaia.sbs/images/219-images-favicon.png]
[privacy-melmaia.sbs/5022-images-favicon.html]
[privacy-melmaia.sbs/2402-images-favicon.html]
[privacy-melmaia.sbs/images/images-logo.webp]
[privacy-melmaia.sbs/images/bannermelmaia3.jpg]
[privacy-melmaia.sbs/images/fotoperfilmelmaia1.jpg]
[privacy-melmaia.sbs/images/fotomelmaia1.jpg]
[privacy-melmaia.sbs/images/fotomelmaia3.jpg]
[privacy-melmaia.sbs/media/videomelmaia02.mp4]
[privacy-melmaia.sbs/media/videomelmaia03.mp4]
[privacy-melmaia.sbs/index07b6.html]
[privacy-melmaia.sbs/cdn.jsdelivr.net/npm/js-sha256/src/sha256.min.html]
[privacy-melmaia.sbs/js/pixel.js]
[privacy-melmaia.sbs/js/latest_1.js]
[privacy-melmaia.sbs/connect.facebook.net/en_US/fbevents.html]
[privacy-melmaia.sbs/wa.html]
[privacy-melmaia.sbs/js/latest.js]
[privacy-melmaia.sbs/wa-2.html]
[privacy-melmaia.sbs/css/style.min.css]
[privacy-melmaia.sbs/css/style.css]
[privacy-melmaia.sbs/js/view.min.js]
[privacy-melmaia.sbs/conteudoexclusivo3.store/wp-includes/js/dist/script-modules/interactivity/index.min1c7d1c7d.js]
[privacy-melmaia.sbs/fonts/Manrope-VariableFont_wght.woff2]
[privacy-melmaia.sbs/fonts/FiraCode-VariableFont_wght.woff2]
[privacy-melmaia.sbs/images/404-image.webp]
[privacy-melmaia.sbs/5022-images-favicon.html]
[privacy-melmaia.sbs/2402-images-favicon.html]
[privacy-melmaia.sbs/cdn.jsdelivr.net/npm/js-sha256/src/sha256.min.html]
[maxcdn.bootstrapcdn.com/bootstrap/3.3.7/css/bootstrap.min.css]
[www.google-analytics.com/analytics.js]
[privacy-melmaia.sbs/wa.html]
[privacy-melmaia.sbs/wa-2.html]
[privacy-melmaia.sbs/css/litespeed-dummy.css]
[privacy-melmaia.sbs/css/style.min.css]
[privacy-melmaia.sbs/css/style.css]
[privacy-melmaia.sbs/js/view.min.js]
[privacy-melmaia.sbs/conteudoexclusivo3.store/wp-includes/js/dist/script-modules/interactivity/index.min1c7d1c7d.html]
[maxcdn.bootstrapcdn.com/bootstrap/3.3.7/css/bootstrap.min.css]
[privacy-melmaia.sbs/htdocs_error/page_not_found.svg]
[privacy-melmaia.sbs/htdocs_error/page_not_found.svg]
